<?xml version="1.0"?>
<link_info>
   <banner>TMS320C2000 Linker PC v6.2.0</banner>
   <copyright>Copyright (c) 1996-2013 Texas Instruments Incorporated</copyright>
   <link_time>0x5632c38e</link_time>
   <link_errors>0x0</link_errors>
   <output_file>E:/dsplab281x/main/CpuTimer0/CpuTimer0/../../../main/CpuTimer0/Debug/CpuTimer0.out</output_file>
   <entry_point>
      <name>_c_int00</name>
      <address>0x3f8443</address>
   </entry_point>
   <input_file_list>
      <input_file id="fl-3">
         <path>F:\dsplab281x\main\CpuTimer0\Debug\</path>
         <kind>object</kind>
         <file>DSP281x_SysCtrl.obj</file>
         <name>DSP281x_SysCtrl.obj</name>
      </input_file>
      <input_file id="fl-4">
         <path>F:\dsplab281x\main\CpuTimer0\Debug\</path>
         <kind>object</kind>
         <file>DSP281x_PieVect.obj</file>
         <name>DSP281x_PieVect.obj</name>
      </input_file>
      <input_file id="fl-5">
         <path>F:\dsplab281x\main\CpuTimer0\Debug\</path>
         <kind>object</kind>
         <file>DSP281x_PieCtrl.obj</file>
         <name>DSP281x_PieCtrl.obj</name>
      </input_file>
      <input_file id="fl-6">
         <path>F:\dsplab281x\main\CpuTimer0\Debug\</path>
         <kind>object</kind>
         <file>DSP281x_GpioF.obj</file>
         <name>DSP281x_GpioF.obj</name>
      </input_file>
      <input_file id="fl-7">
         <path>F:\dsplab281x\main\CpuTimer0\Debug\</path>
         <kind>object</kind>
         <file>DSP281x_GlobalVariableDefs.obj</file>
         <name>DSP281x_GlobalVariableDefs.obj</name>
      </input_file>
      <input_file id="fl-8">
         <path>F:\dsplab281x\main\CpuTimer0\Debug\</path>
         <kind>object</kind>
         <file>DSP281x_DefaultIsr.obj</file>
         <name>DSP281x_DefaultIsr.obj</name>
      </input_file>
      <input_file id="fl-9">
         <path>F:\dsplab281x\main\CpuTimer0\Debug\</path>
         <kind>object</kind>
         <file>DSP281x_CpuTimers.obj</file>
         <name>DSP281x_CpuTimers.obj</name>
      </input_file>
      <input_file id="fl-a">
         <path>F:\dsplab281x\main\CpuTimer0\Debug\</path>
         <kind>object</kind>
         <file>DSP281x_CodeStartBranch.obj</file>
         <name>DSP281x_CodeStartBranch.obj</name>
      </input_file>
      <input_file id="fl-b">
         <path>F:\dsplab281x\main\CpuTimer0\Debug\</path>
         <kind>object</kind>
         <file>CpuTimer0.obj</file>
         <name>CpuTimer0.obj</name>
      </input_file>
      <input_file id="fl-f">
         <path>E:\dsplab281x\lib\</path>
         <kind>archive</kind>
         <file>rts2800_ml.lib</file>
         <name>boot.obj</name>
      </input_file>
      <input_file id="fl-10">
         <path>E:\dsplab281x\lib\</path>
         <kind>archive</kind>
         <file>rts2800_ml.lib</file>
         <name>exit.obj</name>
      </input_file>
      <input_file id="fl-11">
         <path>E:\dsplab281x\lib\</path>
         <kind>archive</kind>
         <file>rts2800_ml.lib</file>
         <name>fs_mpy.obj</name>
      </input_file>
      <input_file id="fl-12">
         <path>E:\dsplab281x\lib\</path>
         <kind>archive</kind>
         <file>rts2800_ml.lib</file>
         <name>fs_tol.obj</name>
      </input_file>
      <input_file id="fl-13">
         <path>E:\dsplab281x\lib\</path>
         <kind>archive</kind>
         <file>rts2800_ml.lib</file>
         <name>memcpy.obj</name>
      </input_file>
      <input_file id="fl-14">
         <path>E:\dsplab281x\lib\</path>
         <kind>archive</kind>
         <file>rts2800_ml.lib</file>
         <name>_lock.obj</name>
      </input_file>
   </input_file_list>
   <object_component_list>
      <object_component id="oc-65">
         <name>codestart</name>
         <load_address>0x3f85b9</load_address>
         <run_address>0x3f85b9</run_address>
         <size>0x2</size>
         <input_file_ref idref="fl-a"/>
      </object_component>
      <object_component id="oc-69">
         <name>.text</name>
         <load_address>0x3f8000</load_address>
         <run_address>0x3f8000</run_address>
         <size>0x1b3</size>
         <input_file_ref idref="fl-b"/>
      </object_component>
      <object_component id="oc-59">
         <name>.text</name>
         <load_address>0x3f81b3</load_address>
         <run_address>0x3f81b3</run_address>
         <size>0x14f</size>
         <input_file_ref idref="fl-8"/>
      </object_component>
      <object_component id="oc-76">
         <name>.text</name>
         <load_address>0x3f8302</load_address>
         <run_address>0x3f8302</run_address>
         <size>0x5a</size>
         <input_file_ref idref="fl-11"/>
      </object_component>
      <object_component id="oc-27">
         <name>.text</name>
         <load_address>0x3f835c</load_address>
         <run_address>0x3f835c</run_address>
         <size>0x51</size>
         <input_file_ref idref="fl-3"/>
      </object_component>
      <object_component id="oc-5e">
         <name>.text</name>
         <load_address>0x3f83ad</load_address>
         <run_address>0x3f83ad</run_address>
         <size>0x4b</size>
         <input_file_ref idref="fl-9"/>
      </object_component>
      <object_component id="oc-73">
         <name>.text</name>
         <load_address>0x3f83f8</load_address>
         <run_address>0x3f83f8</run_address>
         <size>0x4b</size>
         <input_file_ref idref="fl-10"/>
      </object_component>
      <object_component id="oc-26">
         <name>.text</name>
         <load_address>0x3f8443</load_address>
         <run_address>0x3f8443</run_address>
         <size>0x46</size>
         <input_file_ref idref="fl-f"/>
      </object_component>
      <object_component id="oc-78">
         <name>.text</name>
         <load_address>0x3f8489</load_address>
         <run_address>0x3f8489</run_address>
         <size>0x40</size>
         <input_file_ref idref="fl-13"/>
      </object_component>
      <object_component id="oc-77">
         <name>.text</name>
         <load_address>0x3f84c9</load_address>
         <run_address>0x3f84c9</run_address>
         <size>0x3b</size>
         <input_file_ref idref="fl-12"/>
      </object_component>
      <object_component id="oc-6d">
         <name>.text:retain</name>
         <load_address>0x3f8504</load_address>
         <run_address>0x3f8504</run_address>
         <size>0x31</size>
         <input_file_ref idref="fl-b"/>
      </object_component>
      <object_component id="oc-33">
         <name>.text</name>
         <load_address>0x3f8535</load_address>
         <run_address>0x3f8535</run_address>
         <size>0x28</size>
         <input_file_ref idref="fl-5"/>
      </object_component>
      <object_component id="oc-2d">
         <name>.text</name>
         <load_address>0x3f855d</load_address>
         <run_address>0x3f855d</run_address>
         <size>0x20</size>
         <input_file_ref idref="fl-4"/>
      </object_component>
      <object_component id="oc-38">
         <name>.text</name>
         <load_address>0x3f857d</load_address>
         <run_address>0x3f857d</run_address>
         <size>0x9</size>
         <input_file_ref idref="fl-6"/>
      </object_component>
      <object_component id="oc-79">
         <name>.text</name>
         <load_address>0x3f8586</load_address>
         <run_address>0x3f8586</run_address>
         <size>0x9</size>
         <input_file_ref idref="fl-14"/>
      </object_component>
      <object_component id="oc-64">
         <name>.text</name>
         <load_address>0x3f858f</load_address>
         <run_address>0x3f858f</run_address>
         <size>0x8</size>
         <input_file_ref idref="fl-a"/>
      </object_component>
      <object_component id="oc-74">
         <name>.cinit</name>
         <load_address>0x3f8597</load_address>
         <run_address>0x3f8597</run_address>
         <size>0xe</size>
         <input_file_ref idref="fl-10"/>
      </object_component>
      <object_component id="oc-7a">
         <name>.cinit</name>
         <load_address>0x3f85a5</load_address>
         <run_address>0x3f85a5</run_address>
         <size>0xa</size>
         <input_file_ref idref="fl-14"/>
      </object_component>
      <object_component id="oc-6b">
         <name>.cinit</name>
         <load_address>0x3f85af</load_address>
         <run_address>0x3f85af</run_address>
         <size>0x8</size>
         <input_file_ref idref="fl-b"/>
      </object_component>
      <object_component id="oc-28">
         <name>ramfuncs</name>
         <load_address>0x3f8000</load_address>
         <run_address>0x3f8000</run_address>
         <size>0x17</size>
         <input_file_ref idref="fl-3"/>
      </object_component>
      <object_component id="oc-71">
         <name>.stack</name>
         <uninitialized>true</uninitialized>
         <run_address>0x400</run_address>
         <size>0x0</size>
         <input_file_ref idref="fl-f"/>
      </object_component>
      <object_component id="oc-aa">
         <name>.stack</name>
         <uninitialized>true</uninitialized>
         <run_address>0x400</run_address>
         <size>0x0</size>
      </object_component>
      <object_component id="oc-5f">
         <name>.ebss</name>
         <uninitialized>true</uninitialized>
         <run_address>0x100088</run_address>
         <size>0x8</size>
         <input_file_ref idref="fl-9"/>
      </object_component>
      <object_component id="oc-6c">
         <name>.ebss</name>
         <uninitialized>true</uninitialized>
         <run_address>0x100080</run_address>
         <size>0x8</size>
         <input_file_ref idref="fl-b"/>
      </object_component>
      <object_component id="oc-75">
         <name>.ebss</name>
         <uninitialized>true</uninitialized>
         <run_address>0x100000</run_address>
         <size>0x80</size>
         <input_file_ref idref="fl-10"/>
      </object_component>
      <object_component id="oc-7b">
         <name>.ebss</name>
         <uninitialized>true</uninitialized>
         <run_address>0x100090</run_address>
         <size>0x4</size>
         <input_file_ref idref="fl-14"/>
      </object_component>
      <object_component id="oc-2e">
         <name>.econst</name>
         <load_address>0x3f9000</load_address>
         <run_address>0x3f9000</run_address>
         <size>0x100</size>
         <input_file_ref idref="fl-4"/>
      </object_component>
      <object_component id="oc-7c">
         <name>.econst:_$P$T0$1</name>
         <load_address>0x3f9100</load_address>
         <run_address>0x3f9100</run_address>
         <size>0x1e</size>
         <input_file_ref idref="fl-b"/>
      </object_component>
      <object_component id="oc-72">
         <name>.reset</name>
         <load_address>0x3fffc0</load_address>
         <run_address>0x3fffc0</run_address>
         <size>0x2</size>
         <input_file_ref idref="fl-f"/>
      </object_component>
      <object_component id="oc-53">
         <name>PieVectTableFile</name>
         <uninitialized>true</uninitialized>
         <run_address>0xd00</run_address>
         <size>0x100</size>
         <input_file_ref idref="fl-7"/>
      </object_component>
      <object_component id="oc-52">
         <name>DevEmuRegsFile</name>
         <uninitialized>true</uninitialized>
         <run_address>0x880</run_address>
         <size>0xd2</size>
         <input_file_ref idref="fl-7"/>
      </object_component>
      <object_component id="oc-3d">
         <name>FlashRegsFile</name>
         <uninitialized>true</uninitialized>
         <run_address>0xa80</run_address>
         <size>0x8</size>
         <input_file_ref idref="fl-7"/>
      </object_component>
      <object_component id="oc-42">
         <name>CsmRegsFile</name>
         <uninitialized>true</uninitialized>
         <run_address>0xae0</run_address>
         <size>0x10</size>
         <input_file_ref idref="fl-7"/>
      </object_component>
      <object_component id="oc-48">
         <name>XintfRegsFile</name>
         <uninitialized>true</uninitialized>
         <run_address>0xb20</run_address>
         <size>0x20</size>
         <input_file_ref idref="fl-7"/>
      </object_component>
      <object_component id="oc-3f">
         <name>CpuTimer0RegsFile</name>
         <uninitialized>true</uninitialized>
         <run_address>0xc00</run_address>
         <size>0x8</size>
         <input_file_ref idref="fl-7"/>
      </object_component>
      <object_component id="oc-45">
         <name>PieCtrlRegsFile</name>
         <uninitialized>true</uninitialized>
         <run_address>0xce0</run_address>
         <size>0x1a</size>
         <input_file_ref idref="fl-7"/>
      </object_component>
      <object_component id="oc-47">
         <name>SysCtrlRegsFile</name>
         <uninitialized>true</uninitialized>
         <run_address>0x7010</run_address>
         <size>0x20</size>
         <input_file_ref idref="fl-7"/>
      </object_component>
      <object_component id="oc-43">
         <name>SpiaRegsFile</name>
         <uninitialized>true</uninitialized>
         <run_address>0x7040</run_address>
         <size>0x10</size>
         <input_file_ref idref="fl-7"/>
      </object_component>
      <object_component id="oc-41">
         <name>SciaRegsFile</name>
         <uninitialized>true</uninitialized>
         <run_address>0x7050</run_address>
         <size>0x10</size>
         <input_file_ref idref="fl-7"/>
      </object_component>
      <object_component id="oc-44">
         <name>XIntruptRegsFile</name>
         <uninitialized>true</uninitialized>
         <run_address>0x7070</run_address>
         <size>0x10</size>
         <input_file_ref idref="fl-7"/>
      </object_component>
      <object_component id="oc-49">
         <name>GpioMuxRegsFile</name>
         <uninitialized>true</uninitialized>
         <run_address>0x70c0</run_address>
         <size>0x20</size>
         <input_file_ref idref="fl-7"/>
      </object_component>
      <object_component id="oc-4a">
         <name>GpioDataRegsFile</name>
         <uninitialized>true</uninitialized>
         <run_address>0x70e0</run_address>
         <size>0x20</size>
         <input_file_ref idref="fl-7"/>
      </object_component>
      <object_component id="oc-46">
         <name>AdcRegsFile</name>
         <uninitialized>true</uninitialized>
         <run_address>0x7100</run_address>
         <size>0x1a</size>
         <input_file_ref idref="fl-7"/>
      </object_component>
      <object_component id="oc-4d">
         <name>EvaRegsFile</name>
         <uninitialized>true</uninitialized>
         <run_address>0x7400</run_address>
         <size>0x32</size>
         <input_file_ref idref="fl-7"/>
      </object_component>
      <object_component id="oc-4c">
         <name>EvbRegsFile</name>
         <uninitialized>true</uninitialized>
         <run_address>0x7500</run_address>
         <size>0x32</size>
         <input_file_ref idref="fl-7"/>
      </object_component>
      <object_component id="oc-40">
         <name>ScibRegsFile</name>
         <uninitialized>true</uninitialized>
         <run_address>0x7750</run_address>
         <size>0x10</size>
         <input_file_ref idref="fl-7"/>
      </object_component>
      <object_component id="oc-4b">
         <name>McbspaRegsFile</name>
         <uninitialized>true</uninitialized>
         <run_address>0x7800</run_address>
         <size>0x25</size>
         <input_file_ref idref="fl-7"/>
      </object_component>
      <object_component id="oc-4e">
         <name>ECanaRegsFile</name>
         <uninitialized>true</uninitialized>
         <run_address>0x6000</run_address>
         <size>0x34</size>
         <input_file_ref idref="fl-7"/>
      </object_component>
      <object_component id="oc-4f">
         <name>ECanaLAMRegsFile</name>
         <uninitialized>true</uninitialized>
         <run_address>0x6040</run_address>
         <size>0x40</size>
         <input_file_ref idref="fl-7"/>
      </object_component>
      <object_component id="oc-54">
         <name>ECanaMboxesFile</name>
         <uninitialized>true</uninitialized>
         <run_address>0x6100</run_address>
         <size>0x100</size>
         <input_file_ref idref="fl-7"/>
      </object_component>
      <object_component id="oc-50">
         <name>ECanaMOTSRegsFile</name>
         <uninitialized>true</uninitialized>
         <run_address>0x6080</run_address>
         <size>0x40</size>
         <input_file_ref idref="fl-7"/>
      </object_component>
      <object_component id="oc-51">
         <name>ECanaMOTORegsFile</name>
         <uninitialized>true</uninitialized>
         <run_address>0x60c0</run_address>
         <size>0x40</size>
         <input_file_ref idref="fl-7"/>
      </object_component>
      <object_component id="oc-3e">
         <name>CsmPwlFile</name>
         <uninitialized>true</uninitialized>
         <run_address>0x3f7ff8</run_address>
         <size>0x8</size>
         <input_file_ref idref="fl-7"/>
      </object_component>
      <object_component id="oc-29">
         <name>.debug_abbrev</name>
         <load_address>0x0</load_address>
         <run_address>0x0</run_address>
         <size>0x168</size>
         <input_file_ref idref="fl-3"/>
      </object_component>
      <object_component id="oc-2f">
         <name>.debug_abbrev</name>
         <load_address>0x168</load_address>
         <run_address>0x168</run_address>
         <size>0x11f</size>
         <input_file_ref idref="fl-4"/>
      </object_component>
      <object_component id="oc-34">
         <name>.debug_abbrev</name>
         <load_address>0x287</load_address>
         <run_address>0x287</run_address>
         <size>0xbd</size>
         <input_file_ref idref="fl-5"/>
      </object_component>
      <object_component id="oc-39">
         <name>.debug_abbrev</name>
         <load_address>0x344</load_address>
         <run_address>0x344</run_address>
         <size>0xcf</size>
         <input_file_ref idref="fl-6"/>
      </object_component>
      <object_component id="oc-55">
         <name>.debug_abbrev</name>
         <load_address>0x413</load_address>
         <run_address>0x413</run_address>
         <size>0xc3</size>
         <input_file_ref idref="fl-7"/>
      </object_component>
      <object_component id="oc-5a">
         <name>.debug_abbrev</name>
         <load_address>0x4d6</load_address>
         <run_address>0x4d6</run_address>
         <size>0xe6</size>
         <input_file_ref idref="fl-8"/>
      </object_component>
      <object_component id="oc-60">
         <name>.debug_abbrev</name>
         <load_address>0x5bc</load_address>
         <run_address>0x5bc</run_address>
         <size>0x10e</size>
         <input_file_ref idref="fl-9"/>
      </object_component>
      <object_component id="oc-66">
         <name>.debug_abbrev</name>
         <load_address>0x6ca</load_address>
         <run_address>0x6ca</run_address>
         <size>0x1e</size>
         <input_file_ref idref="fl-a"/>
      </object_component>
      <object_component id="oc-70">
         <name>.debug_abbrev</name>
         <load_address>0x6e8</load_address>
         <run_address>0x6e8</run_address>
         <size>0x199</size>
         <input_file_ref idref="fl-b"/>
      </object_component>
      <object_component id="oc-ac">
         <name>.debug_abbrev</name>
         <load_address>0x881</load_address>
         <run_address>0x881</run_address>
         <size>0xd</size>
      </object_component>
      <object_component id="oc-2a">
         <name>.debug_info</name>
         <load_address>0x0</load_address>
         <run_address>0x0</run_address>
         <size>0x10bb</size>
         <input_file_ref idref="fl-3"/>
      </object_component>
      <object_component id="oc-30">
         <name>.debug_info</name>
         <load_address>0x10bb</load_address>
         <run_address>0x10bb</run_address>
         <size>0x1f23</size>
         <input_file_ref idref="fl-4"/>
      </object_component>
      <object_component id="oc-35">
         <name>.debug_info</name>
         <load_address>0x2fde</load_address>
         <run_address>0x2fde</run_address>
         <size>0x974</size>
         <input_file_ref idref="fl-5"/>
      </object_component>
      <object_component id="oc-3a">
         <name>.debug_info</name>
         <load_address>0x3952</load_address>
         <run_address>0x3952</run_address>
         <size>0x196e</size>
         <input_file_ref idref="fl-6"/>
      </object_component>
      <object_component id="oc-56">
         <name>.debug_info</name>
         <load_address>0x52c0</load_address>
         <run_address>0x52c0</run_address>
         <size>0x12e6a</size>
         <input_file_ref idref="fl-7"/>
      </object_component>
      <object_component id="oc-5b">
         <name>.debug_info</name>
         <load_address>0x1812a</load_address>
         <run_address>0x1812a</run_address>
         <size>0x2fbd</size>
         <input_file_ref idref="fl-8"/>
      </object_component>
      <object_component id="oc-61">
         <name>.debug_info</name>
         <load_address>0x1b0e7</load_address>
         <run_address>0x1b0e7</run_address>
         <size>0x766</size>
         <input_file_ref idref="fl-9"/>
      </object_component>
      <object_component id="oc-67">
         <name>.debug_info</name>
         <load_address>0x1b84d</load_address>
         <run_address>0x1b84d</run_address>
         <size>0xea</size>
         <input_file_ref idref="fl-a"/>
      </object_component>
      <object_component id="oc-6a">
         <name>.debug_info</name>
         <load_address>0x1b937</load_address>
         <run_address>0x1b937</run_address>
         <size>0x67a3</size>
         <input_file_ref idref="fl-b"/>
      </object_component>
      <object_component id="oc-ab">
         <name>.debug_info</name>
         <load_address>0x220da</load_address>
         <run_address>0x220da</run_address>
         <size>0x6f</size>
      </object_component>
      <object_component id="oc-2b">
         <name>.debug_line</name>
         <load_address>0x0</load_address>
         <run_address>0x0</run_address>
         <size>0xf0</size>
         <input_file_ref idref="fl-3"/>
      </object_component>
      <object_component id="oc-31">
         <name>.debug_line</name>
         <load_address>0xf0</load_address>
         <run_address>0xf0</run_address>
         <size>0x60</size>
         <input_file_ref idref="fl-4"/>
      </object_component>
      <object_component id="oc-36">
         <name>.debug_line</name>
         <load_address>0x150</load_address>
         <run_address>0x150</run_address>
         <size>0x7f</size>
         <input_file_ref idref="fl-5"/>
      </object_component>
      <object_component id="oc-3b">
         <name>.debug_line</name>
         <load_address>0x1cf</load_address>
         <run_address>0x1cf</run_address>
         <size>0x47</size>
         <input_file_ref idref="fl-6"/>
      </object_component>
      <object_component id="oc-57">
         <name>.debug_line</name>
         <load_address>0x216</load_address>
         <run_address>0x216</run_address>
         <size>0x1a</size>
         <input_file_ref idref="fl-7"/>
      </object_component>
      <object_component id="oc-5c">
         <name>.debug_line</name>
         <load_address>0x230</load_address>
         <run_address>0x230</run_address>
         <size>0x5ed</size>
         <input_file_ref idref="fl-8"/>
      </object_component>
      <object_component id="oc-62">
         <name>.debug_line</name>
         <load_address>0x81d</load_address>
         <run_address>0x81d</run_address>
         <size>0x73</size>
         <input_file_ref idref="fl-9"/>
      </object_component>
      <object_component id="oc-68">
         <name>.debug_line</name>
         <load_address>0x890</load_address>
         <run_address>0x890</run_address>
         <size>0x5c</size>
         <input_file_ref idref="fl-a"/>
      </object_component>
      <object_component id="oc-6f">
         <name>.debug_line</name>
         <load_address>0x8ec</load_address>
         <run_address>0x8ec</run_address>
         <size>0x264</size>
         <input_file_ref idref="fl-b"/>
      </object_component>
      <object_component id="oc-2c">
         <name>.debug_frame</name>
         <load_address>0x0</load_address>
         <run_address>0x0</run_address>
         <size>0x106</size>
         <input_file_ref idref="fl-3"/>
      </object_component>
      <object_component id="oc-32">
         <name>.debug_frame</name>
         <load_address>0x106</load_address>
         <run_address>0x106</run_address>
         <size>0x84</size>
         <input_file_ref idref="fl-4"/>
      </object_component>
      <object_component id="oc-37">
         <name>.debug_frame</name>
         <load_address>0x18a</load_address>
         <run_address>0x18a</run_address>
         <size>0x98</size>
         <input_file_ref idref="fl-5"/>
      </object_component>
      <object_component id="oc-3c">
         <name>.debug_frame</name>
         <load_address>0x222</load_address>
         <run_address>0x222</run_address>
         <size>0x7e</size>
         <input_file_ref idref="fl-6"/>
      </object_component>
      <object_component id="oc-58">
         <name>.debug_frame</name>
         <load_address>0x2a0</load_address>
         <run_address>0x2a0</run_address>
         <size>0x64</size>
         <input_file_ref idref="fl-7"/>
      </object_component>
      <object_component id="oc-5d">
         <name>.debug_frame</name>
         <load_address>0x304</load_address>
         <run_address>0x304</run_address>
         <size>0x7b8</size>
         <input_file_ref idref="fl-8"/>
      </object_component>
      <object_component id="oc-63">
         <name>.debug_frame</name>
         <load_address>0xabc</load_address>
         <run_address>0xabc</run_address>
         <size>0x9e</size>
         <input_file_ref idref="fl-9"/>
      </object_component>
      <object_component id="oc-6e">
         <name>.debug_frame</name>
         <load_address>0xb5a</load_address>
         <run_address>0xb5a</run_address>
         <size>0x178</size>
         <input_file_ref idref="fl-b"/>
      </object_component>
   </object_component_list>
   <logical_group_list>
      <logical_group id="lg-2" display="no" color="cyan">
         <name>codestart</name>
         <load_address>0x3f85b9</load_address>
         <run_address>0x3f85b9</run_address>
         <size>0x2</size>
         <contents>
            <object_component_ref idref="oc-65"/>
         </contents>
      </logical_group>
      <logical_group id="lg-3" display="no" color="cyan">
         <name>.text</name>
         <load_address>0x3f8000</load_address>
         <run_address>0x3f8000</run_address>
         <size>0x597</size>
         <contents>
            <object_component_ref idref="oc-69"/>
            <object_component_ref idref="oc-59"/>
            <object_component_ref idref="oc-76"/>
            <object_component_ref idref="oc-27"/>
            <object_component_ref idref="oc-5e"/>
            <object_component_ref idref="oc-73"/>
            <object_component_ref idref="oc-26"/>
            <object_component_ref idref="oc-78"/>
            <object_component_ref idref="oc-77"/>
            <object_component_ref idref="oc-6d"/>
            <object_component_ref idref="oc-33"/>
            <object_component_ref idref="oc-2d"/>
            <object_component_ref idref="oc-38"/>
            <object_component_ref idref="oc-79"/>
            <object_component_ref idref="oc-64"/>
         </contents>
      </logical_group>
      <logical_group id="lg-4" display="no" color="cyan">
         <name>.cinit</name>
         <load_address>0x3f8597</load_address>
         <run_address>0x3f8597</run_address>
         <size>0x22</size>
         <contents>
            <object_component_ref idref="oc-74"/>
            <object_component_ref idref="oc-7a"/>
            <object_component_ref idref="oc-6b"/>
         </contents>
      </logical_group>
      <logical_group id="lg-5" display="no" color="cyan">
         <name>ramfuncs</name>
         <load_address>0x3f8000</load_address>
         <run_address>0x3f8000</run_address>
         <size>0x17</size>
         <contents>
            <object_component_ref idref="oc-28"/>
         </contents>
      </logical_group>
      <logical_group id="lg-6" display="no" color="cyan">
         <name>.stack</name>
         <run_address>0x400</run_address>
         <size>0x15e</size>
         <contents>
            <object_component_ref idref="oc-71"/>
            <object_component_ref idref="oc-aa"/>
         </contents>
      </logical_group>
      <logical_group id="lg-7" display="no" color="cyan">
         <name>.bss</name>
         <run_address>0x3f9000</run_address>
         <size>0x0</size>
         <contents>
         </contents>
      </logical_group>
      <logical_group id="lg-8" display="no" color="cyan">
         <name>.ebss</name>
         <run_address>0x100000</run_address>
         <size>0x94</size>
         <contents>
            <object_component_ref idref="oc-5f"/>
            <object_component_ref idref="oc-6c"/>
            <object_component_ref idref="oc-75"/>
            <object_component_ref idref="oc-7b"/>
         </contents>
      </logical_group>
      <logical_group id="lg-9" display="no" color="cyan">
         <name>.const</name>
         <run_address>0x0</run_address>
         <size>0x0</size>
         <contents>
         </contents>
      </logical_group>
      <logical_group id="lg-a" display="no" color="cyan">
         <name>.econst</name>
         <load_address>0x3f9000</load_address>
         <run_address>0x3f9000</run_address>
         <size>0x11e</size>
         <contents>
            <object_component_ref idref="oc-2e"/>
            <object_component_ref idref="oc-7c"/>
         </contents>
      </logical_group>
      <logical_group id="lg-b" display="no" color="cyan">
         <name>.sysmem</name>
         <run_address>0x0</run_address>
         <size>0x0</size>
         <contents>
         </contents>
      </logical_group>
      <logical_group id="lg-c" display="no" color="cyan">
         <name>chang</name>
         <run_address>0x0</run_address>
         <size>0x0</size>
         <contents>
         </contents>
      </logical_group>
      <logical_group id="lg-d" display="no" color="cyan">
         <name>.reset</name>
         <load_address>0x3fffc0</load_address>
         <run_address>0x3fffc0</run_address>
         <size>0x2</size>
         <contents>
            <object_component_ref idref="oc-72"/>
         </contents>
      </logical_group>
      <logical_group id="lg-e" display="no" color="cyan">
         <name>PieVectTableFile</name>
         <run_address>0xd00</run_address>
         <size>0x100</size>
         <contents>
            <object_component_ref idref="oc-53"/>
         </contents>
      </logical_group>
      <logical_group id="lg-f" display="no" color="cyan">
         <name>DevEmuRegsFile</name>
         <run_address>0x880</run_address>
         <size>0xd2</size>
         <contents>
            <object_component_ref idref="oc-52"/>
         </contents>
      </logical_group>
      <logical_group id="lg-10" display="no" color="cyan">
         <name>FlashRegsFile</name>
         <run_address>0xa80</run_address>
         <size>0x8</size>
         <contents>
            <object_component_ref idref="oc-3d"/>
         </contents>
      </logical_group>
      <logical_group id="lg-11" display="no" color="cyan">
         <name>CsmRegsFile</name>
         <run_address>0xae0</run_address>
         <size>0x10</size>
         <contents>
            <object_component_ref idref="oc-42"/>
         </contents>
      </logical_group>
      <logical_group id="lg-12" display="no" color="cyan">
         <name>XintfRegsFile</name>
         <run_address>0xb20</run_address>
         <size>0x20</size>
         <contents>
            <object_component_ref idref="oc-48"/>
         </contents>
      </logical_group>
      <logical_group id="lg-13" display="no" color="cyan">
         <name>CpuTimer0RegsFile</name>
         <run_address>0xc00</run_address>
         <size>0x8</size>
         <contents>
            <object_component_ref idref="oc-3f"/>
         </contents>
      </logical_group>
      <logical_group id="lg-14" display="no" color="cyan">
         <name>PieCtrlRegsFile</name>
         <run_address>0xce0</run_address>
         <size>0x1a</size>
         <contents>
            <object_component_ref idref="oc-45"/>
         </contents>
      </logical_group>
      <logical_group id="lg-15" display="no" color="cyan">
         <name>SysCtrlRegsFile</name>
         <run_address>0x7010</run_address>
         <size>0x20</size>
         <contents>
            <object_component_ref idref="oc-47"/>
         </contents>
      </logical_group>
      <logical_group id="lg-16" display="no" color="cyan">
         <name>SpiaRegsFile</name>
         <run_address>0x7040</run_address>
         <size>0x10</size>
         <contents>
            <object_component_ref idref="oc-43"/>
         </contents>
      </logical_group>
      <logical_group id="lg-17" display="no" color="cyan">
         <name>SciaRegsFile</name>
         <run_address>0x7050</run_address>
         <size>0x10</size>
         <contents>
            <object_component_ref idref="oc-41"/>
         </contents>
      </logical_group>
      <logical_group id="lg-18" display="no" color="cyan">
         <name>XIntruptRegsFile</name>
         <run_address>0x7070</run_address>
         <size>0x10</size>
         <contents>
            <object_component_ref idref="oc-44"/>
         </contents>
      </logical_group>
      <logical_group id="lg-19" display="no" color="cyan">
         <name>GpioMuxRegsFile</name>
         <run_address>0x70c0</run_address>
         <size>0x20</size>
         <contents>
            <object_component_ref idref="oc-49"/>
         </contents>
      </logical_group>
      <logical_group id="lg-1a" display="no" color="cyan">
         <name>GpioDataRegsFile</name>
         <run_address>0x70e0</run_address>
         <size>0x20</size>
         <contents>
            <object_component_ref idref="oc-4a"/>
         </contents>
      </logical_group>
      <logical_group id="lg-1b" display="no" color="cyan">
         <name>AdcRegsFile</name>
         <run_address>0x7100</run_address>
         <size>0x1a</size>
         <contents>
            <object_component_ref idref="oc-46"/>
         </contents>
      </logical_group>
      <logical_group id="lg-1c" display="no" color="cyan">
         <name>EvaRegsFile</name>
         <run_address>0x7400</run_address>
         <size>0x32</size>
         <contents>
            <object_component_ref idref="oc-4d"/>
         </contents>
      </logical_group>
      <logical_group id="lg-1d" display="no" color="cyan">
         <name>EvbRegsFile</name>
         <run_address>0x7500</run_address>
         <size>0x32</size>
         <contents>
            <object_component_ref idref="oc-4c"/>
         </contents>
      </logical_group>
      <logical_group id="lg-1e" display="no" color="cyan">
         <name>ScibRegsFile</name>
         <run_address>0x7750</run_address>
         <size>0x10</size>
         <contents>
            <object_component_ref idref="oc-40"/>
         </contents>
      </logical_group>
      <logical_group id="lg-1f" display="no" color="cyan">
         <name>McbspaRegsFile</name>
         <run_address>0x7800</run_address>
         <size>0x25</size>
         <contents>
            <object_component_ref idref="oc-4b"/>
         </contents>
      </logical_group>
      <logical_group id="lg-20" display="no" color="cyan">
         <name>ECanaRegsFile</name>
         <run_address>0x6000</run_address>
         <size>0x34</size>
         <contents>
            <object_component_ref idref="oc-4e"/>
         </contents>
      </logical_group>
      <logical_group id="lg-21" display="no" color="cyan">
         <name>ECanaLAMRegsFile</name>
         <run_address>0x6040</run_address>
         <size>0x40</size>
         <contents>
            <object_component_ref idref="oc-4f"/>
         </contents>
      </logical_group>
      <logical_group id="lg-22" display="no" color="cyan">
         <name>ECanaMboxesFile</name>
         <run_address>0x6100</run_address>
         <size>0x100</size>
         <contents>
            <object_component_ref idref="oc-54"/>
         </contents>
      </logical_group>
      <logical_group id="lg-23" display="no" color="cyan">
         <name>ECanaMOTSRegsFile</name>
         <run_address>0x6080</run_address>
         <size>0x40</size>
         <contents>
            <object_component_ref idref="oc-50"/>
         </contents>
      </logical_group>
      <logical_group id="lg-24" display="no" color="cyan">
         <name>ECanaMOTORegsFile</name>
         <run_address>0x60c0</run_address>
         <size>0x40</size>
         <contents>
            <object_component_ref idref="oc-51"/>
         </contents>
      </logical_group>
      <logical_group id="lg-25" display="no" color="cyan">
         <name>CsmPwlFile</name>
         <run_address>0x3f7ff8</run_address>
         <size>0x8</size>
         <contents>
            <object_component_ref idref="oc-3e"/>
         </contents>
      </logical_group>
      <logical_group id="lg-a1" display="never" color="cyan">
         <name>.debug_abbrev</name>
         <load_address>0x0</load_address>
         <run_address>0x0</run_address>
         <size>0x88e</size>
         <contents>
            <object_component_ref idref="oc-29"/>
            <object_component_ref idref="oc-2f"/>
            <object_component_ref idref="oc-34"/>
            <object_component_ref idref="oc-39"/>
            <object_component_ref idref="oc-55"/>
            <object_component_ref idref="oc-5a"/>
            <object_component_ref idref="oc-60"/>
            <object_component_ref idref="oc-66"/>
            <object_component_ref idref="oc-70"/>
            <object_component_ref idref="oc-ac"/>
         </contents>
      </logical_group>
      <logical_group id="lg-a3" display="never" color="cyan">
         <name>.debug_info</name>
         <load_address>0x0</load_address>
         <run_address>0x0</run_address>
         <size>0x22149</size>
         <contents>
            <object_component_ref idref="oc-2a"/>
            <object_component_ref idref="oc-30"/>
            <object_component_ref idref="oc-35"/>
            <object_component_ref idref="oc-3a"/>
            <object_component_ref idref="oc-56"/>
            <object_component_ref idref="oc-5b"/>
            <object_component_ref idref="oc-61"/>
            <object_component_ref idref="oc-67"/>
            <object_component_ref idref="oc-6a"/>
            <object_component_ref idref="oc-ab"/>
         </contents>
      </logical_group>
      <logical_group id="lg-a5" display="never" color="cyan">
         <name>.debug_line</name>
         <load_address>0x0</load_address>
         <run_address>0x0</run_address>
         <size>0xb50</size>
         <contents>
            <object_component_ref idref="oc-2b"/>
            <object_component_ref idref="oc-31"/>
            <object_component_ref idref="oc-36"/>
            <object_component_ref idref="oc-3b"/>
            <object_component_ref idref="oc-57"/>
            <object_component_ref idref="oc-5c"/>
            <object_component_ref idref="oc-62"/>
            <object_component_ref idref="oc-68"/>
            <object_component_ref idref="oc-6f"/>
         </contents>
      </logical_group>
      <logical_group id="lg-a7" display="never" color="cyan">
         <name>.debug_frame</name>
         <load_address>0x0</load_address>
         <run_address>0x0</run_address>
         <size>0xcd2</size>
         <contents>
            <object_component_ref idref="oc-2c"/>
            <object_component_ref idref="oc-32"/>
            <object_component_ref idref="oc-37"/>
            <object_component_ref idref="oc-3c"/>
            <object_component_ref idref="oc-58"/>
            <object_component_ref idref="oc-5d"/>
            <object_component_ref idref="oc-63"/>
            <object_component_ref idref="oc-6e"/>
         </contents>
      </logical_group>
   </logical_group_list>
   <placement_map>
      <memory_area display="yes" color="green">
         <name>PRAMH0</name>
         <page_id>0x0</page_id>
         <origin>0x3f8000</origin>
         <length>0x1000</length>
         <used_space>0x5bb</used_space>
         <unused_space>0xa45</unused_space>
         <attributes>RWIX</attributes>
         <usage_details>
            <allocated_space>
               <start_address>0x3f8000</start_address>
               <size>0x597</size>
               <logical_group_ref idref="lg-3"/>
            </allocated_space>
            <allocated_space>
               <start_address>0x3f8597</start_address>
               <size>0x22</size>
               <logical_group_ref idref="lg-4"/>
            </allocated_space>
            <allocated_space>
               <start_address>0x3f85b9</start_address>
               <size>0x2</size>
               <logical_group_ref idref="lg-2"/>
            </allocated_space>
            <available_space>
               <start_address>0x3f85bb</start_address>
               <size>0xa45</size>
            </available_space>
         </usage_details>
      </memory_area>
      <memory_area display="no" color="green">
         <name>RESET</name>
         <page_id>0x0</page_id>
         <origin>0x3fffc0</origin>
         <length>0x2</length>
         <used_space>0x0</used_space>
         <unused_space>0x2</unused_space>
         <attributes>RWIX</attributes>
         <usage_details>
         </usage_details>
      </memory_area>
      <memory_area display="no" color="green">
         <name>RAMM0</name>
         <page_id>0x1</page_id>
         <origin>0x0</origin>
         <length>0x40</length>
         <used_space>0x0</used_space>
         <unused_space>0x40</unused_space>
         <attributes>RWIX</attributes>
         <usage_details>
         </usage_details>
      </memory_area>
      <memory_area display="yes" color="green">
         <name>RAMM1</name>
         <page_id>0x1</page_id>
         <origin>0x400</origin>
         <length>0x400</length>
         <used_space>0x15e</used_space>
         <unused_space>0x2a2</unused_space>
         <attributes>RWIX</attributes>
         <usage_details>
            <allocated_space>
               <start_address>0x400</start_address>
               <size>0x15e</size>
               <logical_group_ref idref="lg-6"/>
            </allocated_space>
            <available_space>
               <start_address>0x55e</start_address>
               <size>0x2a2</size>
            </available_space>
         </usage_details>
      </memory_area>
      <memory_area display="yes" color="green">
         <name>DEV_EMU</name>
         <page_id>0x1</page_id>
         <origin>0x880</origin>
         <length>0x180</length>
         <used_space>0xd2</used_space>
         <unused_space>0xae</unused_space>
         <attributes>RWIX</attributes>
         <usage_details>
            <allocated_space>
               <start_address>0x880</start_address>
               <size>0xd2</size>
               <logical_group_ref idref="lg-f"/>
            </allocated_space>
            <available_space>
               <start_address>0x952</start_address>
               <size>0xae</size>
            </available_space>
         </usage_details>
      </memory_area>
      <memory_area display="no" color="green">
         <name>FLASH_REGS</name>
         <page_id>0x1</page_id>
         <origin>0xa80</origin>
         <length>0x60</length>
         <used_space>0x8</used_space>
         <unused_space>0x58</unused_space>
         <attributes>RWIX</attributes>
         <usage_details>
            <allocated_space>
               <start_address>0xa80</start_address>
               <size>0x8</size>
               <logical_group_ref idref="lg-10"/>
            </allocated_space>
            <available_space>
               <start_address>0xa88</start_address>
               <size>0x58</size>
            </available_space>
         </usage_details>
      </memory_area>
      <memory_area display="no" color="green">
         <name>CSM</name>
         <page_id>0x1</page_id>
         <origin>0xae0</origin>
         <length>0x10</length>
         <used_space>0x10</used_space>
         <unused_space>0x0</unused_space>
         <attributes>RWIX</attributes>
         <usage_details>
            <allocated_space>
               <start_address>0xae0</start_address>
               <size>0x10</size>
               <logical_group_ref idref="lg-11"/>
            </allocated_space>
         </usage_details>
      </memory_area>
      <memory_area display="no" color="green">
         <name>XINTF</name>
         <page_id>0x1</page_id>
         <origin>0xb20</origin>
         <length>0x20</length>
         <used_space>0x20</used_space>
         <unused_space>0x0</unused_space>
         <attributes>RWIX</attributes>
         <usage_details>
            <allocated_space>
               <start_address>0xb20</start_address>
               <size>0x20</size>
               <logical_group_ref idref="lg-12"/>
            </allocated_space>
         </usage_details>
      </memory_area>
      <memory_area display="no" color="green">
         <name>CPU_TIMER0</name>
         <page_id>0x1</page_id>
         <origin>0xc00</origin>
         <length>0x8</length>
         <used_space>0x8</used_space>
         <unused_space>0x0</unused_space>
         <attributes>RWIX</attributes>
         <usage_details>
            <allocated_space>
               <start_address>0xc00</start_address>
               <size>0x8</size>
               <logical_group_ref idref="lg-13"/>
            </allocated_space>
         </usage_details>
      </memory_area>
      <memory_area display="no" color="green">
         <name>PIE_CTRL</name>
         <page_id>0x1</page_id>
         <origin>0xce0</origin>
         <length>0x20</length>
         <used_space>0x1a</used_space>
         <unused_space>0x6</unused_space>
         <attributes>RWIX</attributes>
         <usage_details>
            <allocated_space>
               <start_address>0xce0</start_address>
               <size>0x1a</size>
               <logical_group_ref idref="lg-14"/>
            </allocated_space>
            <available_space>
               <start_address>0xcfa</start_address>
               <size>0x6</size>
            </available_space>
         </usage_details>
      </memory_area>
      <memory_area display="yes" color="green">
         <name>PIE_VECT</name>
         <page_id>0x1</page_id>
         <origin>0xd00</origin>
         <length>0x100</length>
         <used_space>0x100</used_space>
         <unused_space>0x0</unused_space>
         <attributes>RWIX</attributes>
         <usage_details>
            <allocated_space>
               <start_address>0xd00</start_address>
               <size>0x100</size>
               <logical_group_ref idref="lg-e"/>
            </allocated_space>
         </usage_details>
      </memory_area>
      <memory_area display="no" color="green">
         <name>ECANA</name>
         <page_id>0x1</page_id>
         <origin>0x6000</origin>
         <length>0x40</length>
         <used_space>0x34</used_space>
         <unused_space>0xc</unused_space>
         <attributes>RWIX</attributes>
         <usage_details>
            <allocated_space>
               <start_address>0x6000</start_address>
               <size>0x34</size>
               <logical_group_ref idref="lg-20"/>
            </allocated_space>
            <available_space>
               <start_address>0x6034</start_address>
               <size>0xc</size>
            </available_space>
         </usage_details>
      </memory_area>
      <memory_area display="no" color="green">
         <name>ECANA_LAM</name>
         <page_id>0x1</page_id>
         <origin>0x6040</origin>
         <length>0x40</length>
         <used_space>0x40</used_space>
         <unused_space>0x0</unused_space>
         <attributes>RWIX</attributes>
         <usage_details>
            <allocated_space>
               <start_address>0x6040</start_address>
               <size>0x40</size>
               <logical_group_ref idref="lg-21"/>
            </allocated_space>
         </usage_details>
      </memory_area>
      <memory_area display="no" color="green">
         <name>ECANA_MOTS</name>
         <page_id>0x1</page_id>
         <origin>0x6080</origin>
         <length>0x40</length>
         <used_space>0x40</used_space>
         <unused_space>0x0</unused_space>
         <attributes>RWIX</attributes>
         <usage_details>
            <allocated_space>
               <start_address>0x6080</start_address>
               <size>0x40</size>
               <logical_group_ref idref="lg-23"/>
            </allocated_space>
         </usage_details>
      </memory_area>
      <memory_area display="no" color="green">
         <name>ECANA_MOTO</name>
         <page_id>0x1</page_id>
         <origin>0x60c0</origin>
         <length>0x40</length>
         <used_space>0x40</used_space>
         <unused_space>0x0</unused_space>
         <attributes>RWIX</attributes>
         <usage_details>
            <allocated_space>
               <start_address>0x60c0</start_address>
               <size>0x40</size>
               <logical_group_ref idref="lg-24"/>
            </allocated_space>
         </usage_details>
      </memory_area>
      <memory_area display="yes" color="green">
         <name>ECANA_MBOX</name>
         <page_id>0x1</page_id>
         <origin>0x6100</origin>
         <length>0x100</length>
         <used_space>0x100</used_space>
         <unused_space>0x0</unused_space>
         <attributes>RWIX</attributes>
         <usage_details>
            <allocated_space>
               <start_address>0x6100</start_address>
               <size>0x100</size>
               <logical_group_ref idref="lg-22"/>
            </allocated_space>
         </usage_details>
      </memory_area>
      <memory_area display="no" color="green">
         <name>SYSTEM</name>
         <page_id>0x1</page_id>
         <origin>0x7010</origin>
         <length>0x20</length>
         <used_space>0x20</used_space>
         <unused_space>0x0</unused_space>
         <attributes>RWIX</attributes>
         <usage_details>
            <allocated_space>
               <start_address>0x7010</start_address>
               <size>0x20</size>
               <logical_group_ref idref="lg-15"/>
            </allocated_space>
         </usage_details>
      </memory_area>
      <memory_area display="no" color="green">
         <name>SPIA</name>
         <page_id>0x1</page_id>
         <origin>0x7040</origin>
         <length>0x10</length>
         <used_space>0x10</used_space>
         <unused_space>0x0</unused_space>
         <attributes>RWIX</attributes>
         <usage_details>
            <allocated_space>
               <start_address>0x7040</start_address>
               <size>0x10</size>
               <logical_group_ref idref="lg-16"/>
            </allocated_space>
         </usage_details>
      </memory_area>
      <memory_area display="no" color="green">
         <name>SCIA</name>
         <page_id>0x1</page_id>
         <origin>0x7050</origin>
         <length>0x10</length>
         <used_space>0x10</used_space>
         <unused_space>0x0</unused_space>
         <attributes>RWIX</attributes>
         <usage_details>
            <allocated_space>
               <start_address>0x7050</start_address>
               <size>0x10</size>
               <logical_group_ref idref="lg-17"/>
            </allocated_space>
         </usage_details>
      </memory_area>
      <memory_area display="no" color="green">
         <name>XINTRUPT</name>
         <page_id>0x1</page_id>
         <origin>0x7070</origin>
         <length>0x10</length>
         <used_space>0x10</used_space>
         <unused_space>0x0</unused_space>
         <attributes>RWIX</attributes>
         <usage_details>
            <allocated_space>
               <start_address>0x7070</start_address>
               <size>0x10</size>
               <logical_group_ref idref="lg-18"/>
            </allocated_space>
         </usage_details>
      </memory_area>
      <memory_area display="no" color="green">
         <name>GPIOMUX</name>
         <page_id>0x1</page_id>
         <origin>0x70c0</origin>
         <length>0x20</length>
         <used_space>0x20</used_space>
         <unused_space>0x0</unused_space>
         <attributes>RWIX</attributes>
         <usage_details>
            <allocated_space>
               <start_address>0x70c0</start_address>
               <size>0x20</size>
               <logical_group_ref idref="lg-19"/>
            </allocated_space>
         </usage_details>
      </memory_area>
      <memory_area display="no" color="green">
         <name>GPIODAT</name>
         <page_id>0x1</page_id>
         <origin>0x70e0</origin>
         <length>0x20</length>
         <used_space>0x20</used_space>
         <unused_space>0x0</unused_space>
         <attributes>RWIX</attributes>
         <usage_details>
            <allocated_space>
               <start_address>0x70e0</start_address>
               <size>0x20</size>
               <logical_group_ref idref="lg-1a"/>
            </allocated_space>
         </usage_details>
      </memory_area>
      <memory_area display="no" color="green">
         <name>ADC</name>
         <page_id>0x1</page_id>
         <origin>0x7100</origin>
         <length>0x20</length>
         <used_space>0x1a</used_space>
         <unused_space>0x6</unused_space>
         <attributes>RWIX</attributes>
         <usage_details>
            <allocated_space>
               <start_address>0x7100</start_address>
               <size>0x1a</size>
               <logical_group_ref idref="lg-1b"/>
            </allocated_space>
            <available_space>
               <start_address>0x711a</start_address>
               <size>0x6</size>
            </available_space>
         </usage_details>
      </memory_area>
      <memory_area display="no" color="green">
         <name>EVA</name>
         <page_id>0x1</page_id>
         <origin>0x7400</origin>
         <length>0x40</length>
         <used_space>0x32</used_space>
         <unused_space>0xe</unused_space>
         <attributes>RWIX</attributes>
         <usage_details>
            <allocated_space>
               <start_address>0x7400</start_address>
               <size>0x32</size>
               <logical_group_ref idref="lg-1c"/>
            </allocated_space>
            <available_space>
               <start_address>0x7432</start_address>
               <size>0xe</size>
            </available_space>
         </usage_details>
      </memory_area>
      <memory_area display="no" color="green">
         <name>EVB</name>
         <page_id>0x1</page_id>
         <origin>0x7500</origin>
         <length>0x40</length>
         <used_space>0x32</used_space>
         <unused_space>0xe</unused_space>
         <attributes>RWIX</attributes>
         <usage_details>
            <allocated_space>
               <start_address>0x7500</start_address>
               <size>0x32</size>
               <logical_group_ref idref="lg-1d"/>
            </allocated_space>
            <available_space>
               <start_address>0x7532</start_address>
               <size>0xe</size>
            </available_space>
         </usage_details>
      </memory_area>
      <memory_area display="no" color="green">
         <name>SCIB</name>
         <page_id>0x1</page_id>
         <origin>0x7750</origin>
         <length>0x10</length>
         <used_space>0x10</used_space>
         <unused_space>0x0</unused_space>
         <attributes>RWIX</attributes>
         <usage_details>
            <allocated_space>
               <start_address>0x7750</start_address>
               <size>0x10</size>
               <logical_group_ref idref="lg-1e"/>
            </allocated_space>
         </usage_details>
      </memory_area>
      <memory_area display="no" color="green">
         <name>MCBSPA</name>
         <page_id>0x1</page_id>
         <origin>0x7800</origin>
         <length>0x40</length>
         <used_space>0x25</used_space>
         <unused_space>0x1b</unused_space>
         <attributes>RWIX</attributes>
         <usage_details>
            <allocated_space>
               <start_address>0x7800</start_address>
               <size>0x25</size>
               <logical_group_ref idref="lg-1f"/>
            </allocated_space>
            <available_space>
               <start_address>0x7825</start_address>
               <size>0x1b</size>
            </available_space>
         </usage_details>
      </memory_area>
      <memory_area display="yes" color="green">
         <name>RAMM0_1</name>
         <page_id>0x1</page_id>
         <origin>0x100000</origin>
         <length>0x3000</length>
         <used_space>0x94</used_space>
         <unused_space>0x2f6c</unused_space>
         <attributes>RWIX</attributes>
         <usage_details>
            <allocated_space>
               <start_address>0x100000</start_address>
               <size>0x94</size>
               <logical_group_ref idref="lg-8"/>
            </allocated_space>
            <available_space>
               <start_address>0x100094</start_address>
               <size>0x2f6c</size>
            </available_space>
         </usage_details>
      </memory_area>
      <memory_area display="no" color="green">
         <name>CSM_PWL</name>
         <page_id>0x1</page_id>
         <origin>0x3f7ff8</origin>
         <length>0x8</length>
         <used_space>0x8</used_space>
         <unused_space>0x0</unused_space>
         <attributes>RWIX</attributes>
         <usage_details>
            <allocated_space>
               <start_address>0x3f7ff8</start_address>
               <size>0x8</size>
               <logical_group_ref idref="lg-25"/>
            </allocated_space>
         </usage_details>
      </memory_area>
      <memory_area display="yes" color="green">
         <name>DRAMH0</name>
         <page_id>0x1</page_id>
         <origin>0x3f9000</origin>
         <length>0x1000</length>
         <used_space>0x11e</used_space>
         <unused_space>0xee2</unused_space>
         <attributes>RWIX</attributes>
         <usage_details>
            <allocated_space>
               <start_address>0x3f9000</start_address>
               <size>0x0</size>
               <logical_group_ref idref="lg-7"/>
            </allocated_space>
            <allocated_space>
               <start_address>0x3f9000</start_address>
               <size>0x11e</size>
               <logical_group_ref idref="lg-a"/>
            </allocated_space>
            <available_space>
               <start_address>0x3f911e</start_address>
               <size>0xee2</size>
            </available_space>
         </usage_details>
      </memory_area>
   </placement_map>
   <symbol_table>
      <symbol id="sm-0">
         <name>cinit</name>
         <value>0x3f8597</value>
      </symbol>
      <symbol id="sm-1">
         <name>___cinit__</name>
         <value>0x3f8597</value>
      </symbol>
      <symbol id="sm-2">
         <name>pinit</name>
         <value>0xffffffff</value>
      </symbol>
      <symbol id="sm-3">
         <name>___pinit__</name>
         <value>0xffffffff</value>
      </symbol>
      <symbol id="sm-4">
         <name>binit</name>
         <value>0xffffffff</value>
      </symbol>
      <symbol id="sm-5">
         <name>___binit__</name>
         <value>0xffffffff</value>
      </symbol>
      <symbol id="sm-6">
         <name>__STACK_SIZE</name>
         <value>0x15e</value>
      </symbol>
      <symbol id="sm-7">
         <name>__STACK_END</name>
         <value>0x55e</value>
      </symbol>
      <symbol id="sm-8">
         <name>___c_args__</name>
         <value>0xffffffff</value>
      </symbol>
      <symbol id="sm-9">
         <name>.text</name>
         <value>0x3f8000</value>
      </symbol>
      <symbol id="sm-a">
         <name>___text__</name>
         <value>0x3f8000</value>
      </symbol>
      <symbol id="sm-b">
         <name>etext</name>
         <value>0x3f8597</value>
      </symbol>
      <symbol id="sm-c">
         <name>___etext__</name>
         <value>0x3f8597</value>
      </symbol>
      <symbol id="sm-d">
         <name>.bss</name>
         <value>0x3f9000</value>
      </symbol>
      <symbol id="sm-e">
         <name>___bss__</name>
         <value>0x3f9000</value>
      </symbol>
      <symbol id="sm-f">
         <name>end</name>
         <value>0x3f9000</value>
      </symbol>
      <symbol id="sm-10">
         <name>___end__</name>
         <value>0x3f9000</value>
      </symbol>
      <symbol id="sm-72">
         <name>_KickDog</name>
         <value>0x3f8364</value>
         <object_component_ref idref="oc-27"/>
      </symbol>
      <symbol id="sm-73">
         <name>_InitPll</name>
         <value>0x3f8376</value>
         <object_component_ref idref="oc-27"/>
      </symbol>
      <symbol id="sm-74">
         <name>_InitPeripheralClocks</name>
         <value>0x3f8393</value>
         <object_component_ref idref="oc-27"/>
      </symbol>
      <symbol id="sm-75">
         <name>_DisableDog</name>
         <value>0x3f836e</value>
         <object_component_ref idref="oc-27"/>
      </symbol>
      <symbol id="sm-76">
         <name>_InitSysCtrl</name>
         <value>0x3f835c</value>
         <object_component_ref idref="oc-27"/>
      </symbol>
      <symbol id="sm-77">
         <name>_InitFlash</name>
         <value>0x3f8000</value>
         <object_component_ref idref="oc-28"/>
      </symbol>
      <symbol id="sm-89">
         <name>_PieVectTableInit</name>
         <value>0x3f9000</value>
         <object_component_ref idref="oc-2e"/>
      </symbol>
      <symbol id="sm-8a">
         <name>_InitPieVectTable</name>
         <value>0x3f855d</value>
         <object_component_ref idref="oc-2d"/>
      </symbol>
      <symbol id="sm-96">
         <name>_EnableInterrupts</name>
         <value>0x3f8554</value>
         <object_component_ref idref="oc-33"/>
      </symbol>
      <symbol id="sm-97">
         <name>_InitPieCtrl</name>
         <value>0x3f8535</value>
         <object_component_ref idref="oc-33"/>
      </symbol>
      <symbol id="sm-a3">
         <name>_InitGpio</name>
         <value>0x3f857d</value>
         <object_component_ref idref="oc-38"/>
      </symbol>
      <symbol id="sm-dd">
         <name>_GpioDataRegs</name>
         <value>0x70e0</value>
         <object_component_ref idref="oc-4a"/>
      </symbol>
      <symbol id="sm-de">
         <name>_ScibRegs</name>
         <value>0x7750</value>
         <object_component_ref idref="oc-40"/>
      </symbol>
      <symbol id="sm-df">
         <name>_McbspaRegs</name>
         <value>0x7800</value>
         <object_component_ref idref="oc-4b"/>
      </symbol>
      <symbol id="sm-e0">
         <name>_PieVectTable</name>
         <value>0xd00</value>
         <object_component_ref idref="oc-53"/>
      </symbol>
      <symbol id="sm-e1">
         <name>_CsmRegs</name>
         <value>0xae0</value>
         <object_component_ref idref="oc-42"/>
      </symbol>
      <symbol id="sm-e2">
         <name>_PieCtrlRegs</name>
         <value>0xce0</value>
         <object_component_ref idref="oc-45"/>
      </symbol>
      <symbol id="sm-e3">
         <name>_CpuTimer0Regs</name>
         <value>0xc00</value>
         <object_component_ref idref="oc-3f"/>
      </symbol>
      <symbol id="sm-e4">
         <name>_ECanaMOTORegs</name>
         <value>0x60c0</value>
         <object_component_ref idref="oc-51"/>
      </symbol>
      <symbol id="sm-e5">
         <name>_EvaRegs</name>
         <value>0x7400</value>
         <object_component_ref idref="oc-4d"/>
      </symbol>
      <symbol id="sm-e6">
         <name>_EvbRegs</name>
         <value>0x7500</value>
         <object_component_ref idref="oc-4c"/>
      </symbol>
      <symbol id="sm-e7">
         <name>_ECanaLAMRegs</name>
         <value>0x6040</value>
         <object_component_ref idref="oc-4f"/>
      </symbol>
      <symbol id="sm-e8">
         <name>_AdcRegs</name>
         <value>0x7100</value>
         <object_component_ref idref="oc-46"/>
      </symbol>
      <symbol id="sm-e9">
         <name>_CsmPwl</name>
         <value>0x3f7ff8</value>
         <object_component_ref idref="oc-3e"/>
      </symbol>
      <symbol id="sm-ea">
         <name>_SysCtrlRegs</name>
         <value>0x7010</value>
         <object_component_ref idref="oc-47"/>
      </symbol>
      <symbol id="sm-eb">
         <name>_DevEmuRegs</name>
         <value>0x880</value>
         <object_component_ref idref="oc-52"/>
      </symbol>
      <symbol id="sm-ec">
         <name>_ECanaMOTSRegs</name>
         <value>0x6080</value>
         <object_component_ref idref="oc-50"/>
      </symbol>
      <symbol id="sm-ed">
         <name>_XIntruptRegs</name>
         <value>0x7070</value>
         <object_component_ref idref="oc-44"/>
      </symbol>
      <symbol id="sm-ee">
         <name>_XintfRegs</name>
         <value>0xb20</value>
         <object_component_ref idref="oc-48"/>
      </symbol>
      <symbol id="sm-ef">
         <name>_GpioMuxRegs</name>
         <value>0x70c0</value>
         <object_component_ref idref="oc-49"/>
      </symbol>
      <symbol id="sm-f0">
         <name>_FlashRegs</name>
         <value>0xa80</value>
         <object_component_ref idref="oc-3d"/>
      </symbol>
      <symbol id="sm-f1">
         <name>_ECanaRegs</name>
         <value>0x6000</value>
         <object_component_ref idref="oc-4e"/>
      </symbol>
      <symbol id="sm-f2">
         <name>_SpiaRegs</name>
         <value>0x7040</value>
         <object_component_ref idref="oc-43"/>
      </symbol>
      <symbol id="sm-f3">
         <name>_SciaRegs</name>
         <value>0x7050</value>
         <object_component_ref idref="oc-41"/>
      </symbol>
      <symbol id="sm-f4">
         <name>_ECanaMboxes</name>
         <value>0x6100</value>
         <object_component_ref idref="oc-54"/>
      </symbol>
      <symbol id="sm-1c6">
         <name>_USER10_ISR</name>
         <value>0x3f8203</value>
         <object_component_ref idref="oc-59"/>
      </symbol>
      <symbol id="sm-1c7">
         <name>_EMUINT_ISR</name>
         <value>0x3f81c7</value>
         <object_component_ref idref="oc-59"/>
      </symbol>
      <symbol id="sm-1c8">
         <name>_T2OFINT_ISR</name>
         <value>0x3f8267</value>
         <object_component_ref idref="oc-59"/>
      </symbol>
      <symbol id="sm-1c9">
         <name>_rsvd_ISR</name>
         <value>0x3f82fd</value>
         <object_component_ref idref="oc-59"/>
      </symbol>
      <symbol id="sm-1ca">
         <name>_CAPINT5_ISR</name>
         <value>0x3f82b7</value>
         <object_component_ref idref="oc-59"/>
      </symbol>
      <symbol id="sm-1cb">
         <name>_T4PINT_ISR</name>
         <value>0x3f829e</value>
         <object_component_ref idref="oc-59"/>
      </symbol>
      <symbol id="sm-1cc">
         <name>_USER11_ISR</name>
         <value>0x3f8208</value>
         <object_component_ref idref="oc-59"/>
      </symbol>
      <symbol id="sm-1cd">
         <name>_CAPINT6_ISR</name>
         <value>0x3f82bc</value>
         <object_component_ref idref="oc-59"/>
      </symbol>
      <symbol id="sm-1ce">
         <name>_CMP2INT_ISR</name>
         <value>0x3f823a</value>
         <object_component_ref idref="oc-59"/>
      </symbol>
      <symbol id="sm-1cf">
         <name>_PIE_RESERVED</name>
         <value>0x3f82f8</value>
         <object_component_ref idref="oc-59"/>
      </symbol>
      <symbol id="sm-1d0">
         <name>_T4UFINT_ISR</name>
         <value>0x3f82a8</value>
         <object_component_ref idref="oc-59"/>
      </symbol>
      <symbol id="sm-1d1">
         <name>_T4CINT_ISR</name>
         <value>0x3f82a3</value>
         <object_component_ref idref="oc-59"/>
      </symbol>
      <symbol id="sm-1d2">
         <name>_USER12_ISR</name>
         <value>0x3f820d</value>
         <object_component_ref idref="oc-59"/>
      </symbol>
      <symbol id="sm-1d3">
         <name>_SCITXINTA_ISR</name>
         <value>0x3f82da</value>
         <object_component_ref idref="oc-59"/>
      </symbol>
      <symbol id="sm-1d4">
         <name>_MRINTA_ISR</name>
         <value>0x3f82cb</value>
         <object_component_ref idref="oc-59"/>
      </symbol>
      <symbol id="sm-1d5">
         <name>_SCITXINTB_ISR</name>
         <value>0x3f82e4</value>
         <object_component_ref idref="oc-59"/>
      </symbol>
      <symbol id="sm-1d6">
         <name>_USER1_ISR</name>
         <value>0x3f81d6</value>
         <object_component_ref idref="oc-59"/>
      </symbol>
      <symbol id="sm-1d7">
         <name>_ILLEGAL_ISR</name>
         <value>0x3f81d1</value>
         <object_component_ref idref="oc-59"/>
      </symbol>
      <symbol id="sm-1d8">
         <name>_T2UFINT_ISR</name>
         <value>0x3f8262</value>
         <object_component_ref idref="oc-59"/>
      </symbol>
      <symbol id="sm-1d9">
         <name>_PDPINTA_ISR</name>
         <value>0x3f8212</value>
         <object_component_ref idref="oc-59"/>
      </symbol>
      <symbol id="sm-1da">
         <name>_SCIRXINTA_ISR</name>
         <value>0x3f82d5</value>
         <object_component_ref idref="oc-59"/>
      </symbol>
      <symbol id="sm-1db">
         <name>_USER2_ISR</name>
         <value>0x3f81db</value>
         <object_component_ref idref="oc-59"/>
      </symbol>
      <symbol id="sm-1dc">
         <name>_CMP4INT_ISR</name>
         <value>0x3f827b</value>
         <object_component_ref idref="oc-59"/>
      </symbol>
      <symbol id="sm-1dd">
         <name>_SPITXINTA_ISR</name>
         <value>0x3f82c6</value>
         <object_component_ref idref="oc-59"/>
      </symbol>
      <symbol id="sm-1de">
         <name>_INT13_ISR</name>
         <value>0x3f81b3</value>
         <object_component_ref idref="oc-59"/>
      </symbol>
      <symbol id="sm-1df">
         <name>_PDPINTB_ISR</name>
         <value>0x3f8217</value>
         <object_component_ref idref="oc-59"/>
      </symbol>
      <symbol id="sm-1e0">
         <name>_SCIRXINTB_ISR</name>
         <value>0x3f82df</value>
         <object_component_ref idref="oc-59"/>
      </symbol>
      <symbol id="sm-1e1">
         <name>_USER3_ISR</name>
         <value>0x3f81e0</value>
         <object_component_ref idref="oc-59"/>
      </symbol>
      <symbol id="sm-1e2">
         <name>_T1PINT_ISR</name>
         <value>0x3f8244</value>
         <object_component_ref idref="oc-59"/>
      </symbol>
      <symbol id="sm-1e3">
         <name>_INT14_ISR</name>
         <value>0x3f81b8</value>
         <object_component_ref idref="oc-59"/>
      </symbol>
      <symbol id="sm-1e4">
         <name>_T3OFINT_ISR</name>
         <value>0x3f8299</value>
         <object_component_ref idref="oc-59"/>
      </symbol>
      <symbol id="sm-1e5">
         <name>_ADCINT_ISR</name>
         <value>0x3f8226</value>
         <object_component_ref idref="oc-59"/>
      </symbol>
      <symbol id="sm-1e6">
         <name>_MXINTA_ISR</name>
         <value>0x3f82d0</value>
         <object_component_ref idref="oc-59"/>
      </symbol>
      <symbol id="sm-1e7">
         <name>_USER4_ISR</name>
         <value>0x3f81e5</value>
         <object_component_ref idref="oc-59"/>
      </symbol>
      <symbol id="sm-1e8">
         <name>_ECAN0INTA_ISR</name>
         <value>0x3f82e9</value>
         <object_component_ref idref="oc-59"/>
      </symbol>
      <symbol id="sm-1e9">
         <name>_SPIRXINTA_ISR</name>
         <value>0x3f82c1</value>
         <object_component_ref idref="oc-59"/>
      </symbol>
      <symbol id="sm-1ea">
         <name>_CMP1INT_ISR</name>
         <value>0x3f8235</value>
         <object_component_ref idref="oc-59"/>
      </symbol>
      <symbol id="sm-1eb">
         <name>_T1CINT_ISR</name>
         <value>0x3f8249</value>
         <object_component_ref idref="oc-59"/>
      </symbol>
      <symbol id="sm-1ec">
         <name>_WAKEINT_ISR</name>
         <value>0x3f8230</value>
         <object_component_ref idref="oc-59"/>
      </symbol>
      <symbol id="sm-1ed">
         <name>_CMP6INT_ISR</name>
         <value>0x3f8285</value>
         <object_component_ref idref="oc-59"/>
      </symbol>
      <symbol id="sm-1ee">
         <name>_USER5_ISR</name>
         <value>0x3f81ea</value>
         <object_component_ref idref="oc-59"/>
      </symbol>
      <symbol id="sm-1ef">
         <name>_T1OFINT_ISR</name>
         <value>0x3f8253</value>
         <object_component_ref idref="oc-59"/>
      </symbol>
      <symbol id="sm-1f0">
         <name>_T2PINT_ISR</name>
         <value>0x3f8258</value>
         <object_component_ref idref="oc-59"/>
      </symbol>
      <symbol id="sm-1f1">
         <name>_USER6_ISR</name>
         <value>0x3f81ef</value>
         <object_component_ref idref="oc-59"/>
      </symbol>
      <symbol id="sm-1f2">
         <name>_ECAN1INTA_ISR</name>
         <value>0x3f82ee</value>
         <object_component_ref idref="oc-59"/>
      </symbol>
      <symbol id="sm-1f3">
         <name>_USER7_ISR</name>
         <value>0x3f81f4</value>
         <object_component_ref idref="oc-59"/>
      </symbol>
      <symbol id="sm-1f4">
         <name>_RTOSINT_ISR</name>
         <value>0x3f81c2</value>
         <object_component_ref idref="oc-59"/>
      </symbol>
      <symbol id="sm-1f5">
         <name>_CAPINT1_ISR</name>
         <value>0x3f826c</value>
         <object_component_ref idref="oc-59"/>
      </symbol>
      <symbol id="sm-1f6">
         <name>_CMP3INT_ISR</name>
         <value>0x3f823f</value>
         <object_component_ref idref="oc-59"/>
      </symbol>
      <symbol id="sm-1f7">
         <name>_T3UFINT_ISR</name>
         <value>0x3f8294</value>
         <object_component_ref idref="oc-59"/>
      </symbol>
      <symbol id="sm-1f8">
         <name>_T2CINT_ISR</name>
         <value>0x3f825d</value>
         <object_component_ref idref="oc-59"/>
      </symbol>
      <symbol id="sm-1f9">
         <name>_USER8_ISR</name>
         <value>0x3f81f9</value>
         <object_component_ref idref="oc-59"/>
      </symbol>
      <symbol id="sm-1fa">
         <name>_CAPINT2_ISR</name>
         <value>0x3f8271</value>
         <object_component_ref idref="oc-59"/>
      </symbol>
      <symbol id="sm-1fb">
         <name>_T3PINT_ISR</name>
         <value>0x3f828a</value>
         <object_component_ref idref="oc-59"/>
      </symbol>
      <symbol id="sm-1fc">
         <name>_XINT1_ISR</name>
         <value>0x3f821c</value>
         <object_component_ref idref="oc-59"/>
      </symbol>
      <symbol id="sm-1fd">
         <name>_USER9_ISR</name>
         <value>0x3f81fe</value>
         <object_component_ref idref="oc-59"/>
      </symbol>
      <symbol id="sm-1fe">
         <name>_EMPTY_ISR</name>
         <value>0x3f82f3</value>
         <object_component_ref idref="oc-59"/>
      </symbol>
      <symbol id="sm-1ff">
         <name>_T4OFINT_ISR</name>
         <value>0x3f82ad</value>
         <object_component_ref idref="oc-59"/>
      </symbol>
      <symbol id="sm-200">
         <name>_CAPINT3_ISR</name>
         <value>0x3f8276</value>
         <object_component_ref idref="oc-59"/>
      </symbol>
      <symbol id="sm-201">
         <name>_T1UFINT_ISR</name>
         <value>0x3f824e</value>
         <object_component_ref idref="oc-59"/>
      </symbol>
      <symbol id="sm-202">
         <name>_DATALOG_ISR</name>
         <value>0x3f81bd</value>
         <object_component_ref idref="oc-59"/>
      </symbol>
      <symbol id="sm-203">
         <name>_NMI_ISR</name>
         <value>0x3f81cc</value>
         <object_component_ref idref="oc-59"/>
      </symbol>
      <symbol id="sm-204">
         <name>_TINT0_ISR</name>
         <value>0x3f822b</value>
         <object_component_ref idref="oc-59"/>
      </symbol>
      <symbol id="sm-205">
         <name>_XINT2_ISR</name>
         <value>0x3f8221</value>
         <object_component_ref idref="oc-59"/>
      </symbol>
      <symbol id="sm-206">
         <name>_CMP5INT_ISR</name>
         <value>0x3f8280</value>
         <object_component_ref idref="oc-59"/>
      </symbol>
      <symbol id="sm-207">
         <name>_T3CINT_ISR</name>
         <value>0x3f828f</value>
         <object_component_ref idref="oc-59"/>
      </symbol>
      <symbol id="sm-208">
         <name>_CAPINT4_ISR</name>
         <value>0x3f82b2</value>
         <object_component_ref idref="oc-59"/>
      </symbol>
      <symbol id="sm-216">
         <name>_ConfigCpuTimer</name>
         <value>0x3f83c4</value>
         <object_component_ref idref="oc-5e"/>
      </symbol>
      <symbol id="sm-217">
         <name>_InitCpuTimers</name>
         <value>0x3f83ad</value>
         <object_component_ref idref="oc-5e"/>
      </symbol>
      <symbol id="sm-218">
         <name>_CpuTimer0</name>
         <value>0x100088</value>
         <object_component_ref idref="oc-5f"/>
      </symbol>
      <symbol id="sm-259">
         <name>_Write_LED</name>
         <value>0x3f8105</value>
         <object_component_ref idref="oc-69"/>
      </symbol>
      <symbol id="sm-25a">
         <name>_main</name>
         <value>0x3f8151</value>
         <object_component_ref idref="oc-69"/>
      </symbol>
      <symbol id="sm-25b">
         <name>_led</name>
         <value>0x100081</value>
         <object_component_ref idref="oc-6c"/>
      </symbol>
      <symbol id="sm-25c">
         <name>_IOinit</name>
         <value>0x3f80be</value>
         <object_component_ref idref="oc-69"/>
      </symbol>
      <symbol id="sm-25d">
         <name>_LEDReg</name>
         <value>0x100085</value>
         <object_component_ref idref="oc-6c"/>
      </symbol>
      <symbol id="sm-25e">
         <name>_Led_Flag</name>
         <value>0x100082</value>
         <object_component_ref idref="oc-6c"/>
      </symbol>
      <symbol id="sm-25f">
         <name>_cpu_timer0_isr</name>
         <value>0x3f8504</value>
         <object_component_ref idref="oc-6d"/>
      </symbol>
      <symbol id="sm-260">
         <name>_KeyFunction2</name>
         <value>0x3f8062</value>
         <object_component_ref idref="oc-69"/>
      </symbol>
      <symbol id="sm-261">
         <name>_KeyReg1</name>
         <value>0x100084</value>
         <object_component_ref idref="oc-6c"/>
      </symbol>
      <symbol id="sm-262">
         <name>_KeyReg2</name>
         <value>0x100083</value>
         <object_component_ref idref="oc-6c"/>
      </symbol>
      <symbol id="sm-263">
         <name>_LedOut</name>
         <value>0x3f80d6</value>
         <object_component_ref idref="oc-69"/>
      </symbol>
      <symbol id="sm-264">
         <name>_Keyscan2</name>
         <value>0x3f8000</value>
         <object_component_ref idref="oc-69"/>
      </symbol>
      <symbol id="sm-265">
         <name>_Delay</name>
         <value>0x3f8147</value>
         <object_component_ref idref="oc-69"/>
      </symbol>
      <symbol id="sm-266">
         <name>_LEDdisplay</name>
         <value>0x3f8121</value>
         <object_component_ref idref="oc-69"/>
      </symbol>
      <symbol id="sm-267">
         <name>_LedCount</name>
         <value>0x100080</value>
         <object_component_ref idref="oc-6c"/>
      </symbol>
      <symbol id="sm-268">
         <name>_i</name>
         <value>0x100086</value>
         <object_component_ref idref="oc-6c"/>
      </symbol>
      <symbol id="sm-269">
         <name>_spi_intial</name>
         <value>0x3f80ac</value>
         <object_component_ref idref="oc-69"/>
      </symbol>
      <symbol id="sm-271">
         <name>_c_int00</name>
         <value>0x3f8443</value>
         <object_component_ref idref="oc-26"/>
      </symbol>
      <symbol id="sm-279">
         <name>_atexit</name>
         <value>0x3f8420</value>
         <object_component_ref idref="oc-73"/>
      </symbol>
      <symbol id="sm-27a">
         <name>__dtors_ptr</name>
         <value>0x100002</value>
         <object_component_ref idref="oc-75"/>
      </symbol>
      <symbol id="sm-27b">
         <name>__cleanup_ptr</name>
         <value>0x100004</value>
         <object_component_ref idref="oc-75"/>
      </symbol>
      <symbol id="sm-27c">
         <name>_abort</name>
         <value>0x3f8442</value>
         <object_component_ref idref="oc-73"/>
      </symbol>
      <symbol id="sm-27d">
         <name>C$$EXIT</name>
         <value>0x3f841e</value>
         <object_component_ref idref="oc-73"/>
      </symbol>
      <symbol id="sm-27e">
         <name>_exit</name>
         <value>0x3f83f8</value>
         <object_component_ref idref="oc-73"/>
      </symbol>
      <symbol id="sm-282">
         <name>FS$$MPY</name>
         <value>0x3f8302</value>
         <object_component_ref idref="oc-76"/>
      </symbol>
      <symbol id="sm-286">
         <name>FS$$TOL</name>
         <value>0x3f84c9</value>
         <object_component_ref idref="oc-77"/>
      </symbol>
      <symbol id="sm-28a">
         <name>___memcpy</name>
         <value>0x3f848c</value>
         <object_component_ref idref="oc-78"/>
      </symbol>
      <symbol id="sm-28b">
         <name>_memcpy</name>
         <value>0x3f8489</value>
         <object_component_ref idref="oc-78"/>
      </symbol>
      <symbol id="sm-28c">
         <name>___memcpy_ff</name>
         <value>0x3f84aa</value>
         <object_component_ref idref="oc-78"/>
      </symbol>
      <symbol id="sm-28d">
         <name>___memcpy_fn</name>
         <value>0x3f84a0</value>
         <object_component_ref idref="oc-78"/>
      </symbol>
      <symbol id="sm-28e">
         <name>___memcpy_nf</name>
         <value>0x3f8496</value>
         <object_component_ref idref="oc-78"/>
      </symbol>
      <symbol id="sm-296">
         <name>__register_lock</name>
         <value>0x3f8587</value>
         <object_component_ref idref="oc-79"/>
      </symbol>
      <symbol id="sm-297">
         <name>__register_unlock</name>
         <value>0x3f858b</value>
         <object_component_ref idref="oc-79"/>
      </symbol>
      <symbol id="sm-298">
         <name>__lock</name>
         <value>0x100092</value>
         <object_component_ref idref="oc-7b"/>
      </symbol>
      <symbol id="sm-299">
         <name>__nop</name>
         <value>0x3f8586</value>
         <object_component_ref idref="oc-79"/>
      </symbol>
      <symbol id="sm-29a">
         <name>__unlock</name>
         <value>0x100090</value>
         <object_component_ref idref="oc-7b"/>
      </symbol>
   </symbol_table>
   <title>Link successful</title>
</link_info>
